// Vitest Snapshot v1, https://vitest.dev/guide/snapshot.html

exports[`backdrop >  1`] = `""`;
